------------------------------------------------------------
TimeQuest Timing Analyzer Summary
------------------------------------------------------------

Type  : Slow 1000mV 100C Model Setup 'altera_reserved_tck'
Slack : 45.031
TNS   : 0.000

Type  : Slow 1000mV 100C Model Hold 'altera_reserved_tck'
Slack : 0.361
TNS   : 0.000

Type  : Slow 1000mV 100C Model Recovery 'altera_reserved_tck'
Slack : 96.838
TNS   : 0.000

Type  : Slow 1000mV 100C Model Removal 'altera_reserved_tck'
Slack : 1.434
TNS   : 0.000

Type  : Slow 1000mV 100C Model Minimum Pulse Width 'altera_reserved_tck'
Slack : 49.645
TNS   : 0.000

Type  : Slow 1000mV -40C Model Setup 'altera_reserved_tck'
Slack : 45.236
TNS   : 0.000

Type  : Slow 1000mV -40C Model Hold 'altera_reserved_tck'
Slack : 0.488
TNS   : 0.000

Type  : Slow 1000mV -40C Model Recovery 'altera_reserved_tck'
Slack : 96.921
TNS   : 0.000

Type  : Slow 1000mV -40C Model Removal 'altera_reserved_tck'
Slack : 1.413
TNS   : 0.000

Type  : Slow 1000mV -40C Model Minimum Pulse Width 'altera_reserved_tck'
Slack : 49.601
TNS   : 0.000

Type  : Fast 1000mV -40C Model Setup 'altera_reserved_tck'
Slack : 47.458
TNS   : 0.000

Type  : Fast 1000mV -40C Model Hold 'altera_reserved_tck'
Slack : 0.269
TNS   : 0.000

Type  : Fast 1000mV -40C Model Recovery 'altera_reserved_tck'
Slack : 98.242
TNS   : 0.000

Type  : Fast 1000mV -40C Model Removal 'altera_reserved_tck'
Slack : 0.785
TNS   : 0.000

Type  : Fast 1000mV -40C Model Minimum Pulse Width 'altera_reserved_tck'
Slack : 49.489
TNS   : 0.000

------------------------------------------------------------
