------------------------------------------------------------
TimeQuest Timing Analyzer Summary
------------------------------------------------------------

Type  : Slow 1000mV 100C Model Setup 'altera_reserved_tck'
Slack : 44.438
TNS   : 0.000

Type  : Slow 1000mV 100C Model Hold 'altera_reserved_tck'
Slack : 0.394
TNS   : 0.000

Type  : Slow 1000mV 100C Model Recovery 'altera_reserved_tck'
Slack : 96.241
TNS   : 0.000

Type  : Slow 1000mV 100C Model Removal 'altera_reserved_tck'
Slack : 1.411
TNS   : 0.000

Type  : Slow 1000mV 100C Model Minimum Pulse Width 'altera_reserved_tck'
Slack : 49.647
TNS   : 0.000

Type  : Slow 1000mV -40C Model Setup 'altera_reserved_tck'
Slack : 44.794
TNS   : 0.000

Type  : Slow 1000mV -40C Model Hold 'altera_reserved_tck'
Slack : 0.487
TNS   : 0.000

Type  : Slow 1000mV -40C Model Recovery 'altera_reserved_tck'
Slack : 96.389
TNS   : 0.000

Type  : Slow 1000mV -40C Model Removal 'altera_reserved_tck'
Slack : 1.395
TNS   : 0.000

Type  : Slow 1000mV -40C Model Minimum Pulse Width 'altera_reserved_tck'
Slack : 49.605
TNS   : 0.000

Type  : Fast 1000mV -40C Model Setup 'altera_reserved_tck'
Slack : 47.111
TNS   : 0.000

Type  : Fast 1000mV -40C Model Hold 'altera_reserved_tck'
Slack : 0.271
TNS   : 0.000

Type  : Fast 1000mV -40C Model Recovery 'altera_reserved_tck'
Slack : 97.862
TNS   : 0.000

Type  : Fast 1000mV -40C Model Removal 'altera_reserved_tck'
Slack : 0.778
TNS   : 0.000

Type  : Fast 1000mV -40C Model Minimum Pulse Width 'altera_reserved_tck'
Slack : 49.489
TNS   : 0.000

------------------------------------------------------------
